###############################################################################
#
# IAR ELF Linker V8.50.9.278/W32 for ARM                  12/Feb/2021  00:31:53
# Copyright 2007-2020 IAR Systems AB.
#
#    Output file  =
#        E:\ARM\STM32_Examples\Ex_05_GPIO_Input\Debug\Exe\Ex_05_GPIO_Input.out
#    Map file     =
#        E:\ARM\STM32_Examples\Ex_05_GPIO_Input\Debug\List\Ex_05_GPIO_Input.map
#    Command line =
#        -f C:\Users\pkr12\AppData\Local\Temp\EW5240.tmp
#        (E:\ARM\STM32_Examples\Ex_05_GPIO_Input\Debug\Obj\Ex_05_GPIO_Input.o
#        --no_out_extension -o
#        E:\ARM\STM32_Examples\Ex_05_GPIO_Input\Debug\Exe\Ex_05_GPIO_Input.out
#        --map
#        E:\ARM\STM32_Examples\Ex_05_GPIO_Input\Debug\List\Ex_05_GPIO_Input.map
#        --config "C:\Program Files (x86)\IAR Systems\Embedded Workbench
#        8.4\arm\config\linker\ST\stm32f103xE.icf" --semihosting --entry
#        __iar_program_start --vfe --text_out locale)
#
###############################################################################

*******************************************************************************
*** RUNTIME MODEL ATTRIBUTES
***

CppFlavor       = *
__SystemLibrary = DLib
__dlib_version  = 6


*******************************************************************************
*** HEAP SELECTION
***

The basic heap was selected because some modules are built with
size limitations (and not runtime checking), and --advanced_heap
was not specified.


*******************************************************************************
*** PLACEMENT SUMMARY
***

"A0":  place at address 0x800'0000 { ro section .intvec };
"P1":  place in [from 0x800'0000 to 0x807'ffff] { ro };
define block CSTACK with size = 4K, alignment = 8 { };
define block HEAP with size = 4K, alignment = 8 { };
"P2":  place in [from 0x2000'0000 to 0x2000'ffff] {
          rw, block CSTACK, block HEAP };
initialize by copy { rw };

  Section            Kind         Address    Size  Object
  -------            ----         -------    ----  ------
"A0":                                        0x40
  .intvec            ro code   0x800'0000    0x40  vector_table_M.o [3]
                             - 0x800'0040    0x40

"P1":                                       0x12c
  .text              ro code   0x800'0040    0x50  Ex_05_GPIO_Input.o [1]
  .text              ro code   0x800'0090    0x2e  copy_init3.o [3]
  .text              ro code   0x800'00be     0x2  vector_table_M.o [3]
  .text              ro code   0x800'00c0    0x28  data_init.o [3]
  .iar.init_table    const     0x800'00e8    0x14  - Linker created -
  .text              ro code   0x800'00fc    0x1e  cmain.o [3]
  .text              ro code   0x800'011a     0x4  low_level_init.o [2]
  .text              ro code   0x800'011e     0x4  exit.o [2]
  .text              ro code   0x800'0124     0xa  cexit.o [3]
  .text              ro code   0x800'0130    0x14  exit.o [4]
  .text              ro code   0x800'0144    0x1c  cstartup_M.o [3]
  Initializer bytes  const     0x800'0160     0xc  <for P2-1>
  .rodata            const     0x800'016c     0x0  copy_init3.o [3]
                             - 0x800'016c   0x12c

"P2", part 1 of 2:                            0xc
  P2-1                        0x2000'0000     0xc  <Init block>
    .data            inited   0x2000'0000     0x4  Ex_05_GPIO_Input.o [1]
    .data            inited   0x2000'0004     0x4  Ex_05_GPIO_Input.o [1]
    .data            inited   0x2000'0008     0x4  Ex_05_GPIO_Input.o [1]
                            - 0x2000'000c     0xc

"P2", part 2 of 2:                         0x1000
  CSTACK                      0x2000'0010  0x1000  <Block>
    CSTACK           uninit   0x2000'0010  0x1000  <Block tail>
                            - 0x2000'1010  0x1000

Unused ranges:

         From           To      Size
         ----           --      ----
   0x800'016c   0x807'ffff  0x7'fe94
  0x2000'000c  0x2000'000f       0x4
  0x2000'1010  0x2000'ffff    0xeff0


*******************************************************************************
*** INIT TABLE
***

          Address      Size
          -------      ----
Copy (__iar_copy_init3)
    1 source range, total size 0xc:
           0x800'0160   0xc
    1 destination range, total size 0xc:
          0x2000'0000   0xc



*******************************************************************************
*** MODULE SUMMARY
***

    Module              ro code  ro data  rw data
    ------              -------  -------  -------
command line/config:
    ---------------------------------------------
    Total:

E:\ARM\STM32_Examples\Ex_05_GPIO_Input\Debug\Obj: [1]
    Ex_05_GPIO_Input.o       80       12       12
    ---------------------------------------------
    Total:                   80       12       12

dl7M_tln.a: [2]
    exit.o                    4
    low_level_init.o          4
    ---------------------------------------------
    Total:                    8

rt7M_tl.a: [3]
    cexit.o                  10
    cmain.o                  30
    copy_init3.o             46
    cstartup_M.o             28
    data_init.o              40
    vector_table_M.o         66
    ---------------------------------------------
    Total:                  220

shb_l.a: [4]
    exit.o                   20
    ---------------------------------------------
    Total:                   20

    Gaps                      4
    Linker created                    20    4'096
-------------------------------------------------
    Grand Total:            332       32    4'108


*******************************************************************************
*** ENTRY LIST
***

Entry                       Address  Size  Type      Object
-----                       -------  ----  ----      ------
.iar.init_table$$Base    0x800'00e8         --   Gb  - Linker created -
.iar.init_table$$Limit   0x800'00fc         --   Gb  - Linker created -
?main                    0x800'00fd        Code  Gb  cmain.o [3]
CSTACK$$Base            0x2000'0010         --   Gb  - Linker created -
CSTACK$$Limit           0x2000'1010         --   Gb  - Linker created -
GPIOF                   0x2000'0000   0x4  Data  Gb  Ex_05_GPIO_Input.o [1]
GPIOG                   0x2000'0004   0x4  Data  Gb  Ex_05_GPIO_Input.o [1]
RCC                     0x2000'0008   0x4  Data  Gb  Ex_05_GPIO_Input.o [1]
Region$$Table$$Base      0x800'00e8         --   Gb  - Linker created -
Region$$Table$$Limit     0x800'00fc         --   Gb  - Linker created -
__cmain                  0x800'00fd        Code  Gb  cmain.o [3]
__exit                   0x800'0131  0x14  Code  Gb  exit.o [4]
__iar_copy_init3         0x800'0091  0x2e  Code  Gb  copy_init3.o [3]
__iar_data_init3         0x800'00c1  0x28  Code  Gb  data_init.o [3]
__iar_program_start      0x800'0145        Code  Gb  cstartup_M.o [3]
__low_level_init         0x800'011b   0x4  Code  Gb  low_level_init.o [2]
__vector_table           0x800'0000        Data  Gb  vector_table_M.o [3]
_call_main               0x800'0109        Code  Gb  cmain.o [3]
_exit                    0x800'0125        Code  Gb  cexit.o [3]
_main                    0x800'0113        Code  Gb  cmain.o [3]
exit                     0x800'011f   0x4  Code  Gb  exit.o [2]
main                     0x800'0041  0x50  Code  Gb  Ex_05_GPIO_Input.o [1]


[1] = E:\ARM\STM32_Examples\Ex_05_GPIO_Input\Debug\Obj
[2] = dl7M_tln.a
[3] = rt7M_tl.a
[4] = shb_l.a

    332 bytes of readonly  code memory
     32 bytes of readonly  data memory
  4'108 bytes of readwrite data memory

Errors: none
Warnings: none
